../Core/Src/main.c:122:5:main	1232	static
../Core/Src/main.c:331:6:SystemClock_Config	88	static
../Core/Src/main.c:378:13:MX_USART2_UART_Init	8	static
../Core/Src/main.c:411:13:MX_GPIO_Init	48	static
../Core/Src/main.c:445:5:__io_putchar	16	static
../Core/Src/main.c:451:5:_write	32	static
../Core/Src/main.c:469:6:StartDefaultTask	16	static
../Core/Src/main.c:487:6:StartTask_FAT_w	616	static
../Core/Src/main.c:539:6:StartTask_FAT_r	712	static
../Core/Src/main.c:593:6:HAL_TIM_PeriodElapsedCallback	16	static
../Core/Src/main.c:610:6:Error_Handler	4	static,ignoring_inline_asm
